// Jest Snapshot v1, https://goo.gl/fbAQLP

exports[`App component Matches app snapshot 1`] = `
Array [
  <header
    className="bg-dark sticky-top"
    id="menu"
  >
    <nav
      className="navbar navbar-expand container"
    >
      <a
        aria-current="page"
        className="nav-link text-light pl-0 active"
        href="/"
        onClick={[Function]}
        style={Object {}}
      >
        Usuarios
      </a>
      <a
        aria-current={null}
        className="nav-link text-light"
        href="/tareas"
        onClick={[Function]}
      >
        Tareas
      </a>
    </nav>
  </header>,
  <div
    className="container mt-5"
  >
    <h1
      className="display-4"
    >
      Usuarios
    </h1>
    <table
      className="table table-borderless mt-4"
    >
      <thead>
        <tr>
          <th>
            Nombre
          </th>
          <th>
            Correo
          </th>
          <th>
            Enlace
          </th>
        </tr>
      </thead>
      <tbody />
    </table>
  </div>,
]
`;
