// Jest Snapshot v1, https://goo.gl/fbAQLP

exports[`App component Matches app snapshot 1`] = `
Array [
  <header
    className="bg-dark sticky-top"
    id="menu"
  >
    <nav
      className="navbar navbar-expand container"
    >
      <a
        aria-current={null}
        className="nav-link text-light pl-0"
        href="/blog-platzi-redux"
        onClick={[Function]}
      >
        Usuarios
      </a>
      <a
        aria-current={null}
        className="nav-link text-light"
        href="/blog-platzi-redux/tareas"
        onClick={[Function]}
      >
        Tareas
      </a>
    </nav>
  </header>,
  <div
    className="container mt-5"
  >
    <h2
      className="center"
      data-testid="message"
    >
      No se encontró la página que buscabas
    </h2>
  </div>,
]
`;
